Count of matches for each tag

Tag Counts:
Tag,Count
untagged,1

Count of matches for each port/protocol combination

Port/Protocol Combination Counts:
Port,Protocol,Count
49153,tcp,1
